[green,green] => True
[green,blue] => True
[blue,green] => True
[blue,blue] => True
