[green,green] => False
[green,blue] => False
[blue,green] => True
[blue,blue] => False
